The request analysis.setContextRoots failed with the following error:
RequestErrorCode.PLUGIN_ERROR
The plugin colonizethis_combat was not found in the package config at /home/waigore/colonizethisv3_pr/packages/colonizethis_logic. Make sure to run `pub get` first.
at:
#0      CustomLintProject.parse.<anonymous closure> (package:custom_lint/src/workspace.dart:948)
#1      MappedIterator.moveNext (dart:_internal/iterable.dart:420)
#2      Future.wait (dart:async/future.dart:544)
#3      CustomLintProject.parse (package:custom_lint/src/workspace.dart:940)
<asynchronous suspension>
#4      Future.wait.<anonymous closure> (dart:async/future.dart:546)
<asynchronous suspension>
#5      CustomLintWorkspace.fromContextRoots (package:custom_lint/src/workspace.dart:515)
<asynchronous suspension>
#6      SocketCustomLintServerToClientChannel.create (package:custom_lint/src/v2/server_to_client_channel.dart:54)
<asynchronous suspension>
#7      CustomLintServer._maybeSpawnCustomLintPlugin (package:custom_lint/src/v2/custom_lint_analyzer_plugin.dart:362)
<asynchronous suspension>
#8      CustomLintServer._handleAnalysisSetContextRoots.<anonymous closure> (package:custom_lint/src/v2/custom_lint_analyzer_plugin.dart:343)
<asynchronous suspension>
#9      PendingOperation.run (package:custom_lint/src/async_operation.dart:22)
<asynchronous suspension>
#10     CustomLintServer._handleRequest (package:custom_lint/src/v2/custom_lint_analyzer_plugin.dart:175)
<asynchronous suspension>

